../Core/Src/main.c:67:6:LCD_Delay	24	static,ignoring_inline_asm
../Core/Src/main.c:72:6:LCD_EnablePulse	8	static
../Core/Src/main.c:78:6:LCD_Send4Bits	16	static
../Core/Src/main.c:85:6:LCD_SendCommand	16	static
../Core/Src/main.c:91:6:LCD_SendData	16	static
../Core/Src/main.c:97:6:LCD_SendString	16	static
../Core/Src/main.c:100:6:LCD_SetCursor	24	static
../Core/Src/main.c:104:6:LCD_Clear	8	static
../Core/Src/main.c:108:6:LCD_Init	8	static
../Core/Src/main.c:131:5:main	32	static
../Core/Src/main.c:203:6:SystemClock_Config	72	static
../Core/Src/main.c:245:6:Error_Handler	4	static,ignoring_inline_asm
