../Core/Src/main.c:66:6:LCD_Delay	24	static,ignoring_inline_asm
../Core/Src/main.c:70:6:LCD_EnablePulse	8	static
../Core/Src/main.c:77:6:LCD_Send4Bits	16	static
../Core/Src/main.c:85:6:LCD_SendCommand	16	static
../Core/Src/main.c:92:6:LCD_SendData	16	static
../Core/Src/main.c:99:6:LCD_SendString	16	static
../Core/Src/main.c:103:6:LCD_SetCursor	24	static
../Core/Src/main.c:108:6:LCD_Init	8	static
../Core/Src/main.c:120:6:LCD_Clear	8	static
../Core/Src/main.c:131:5:main	16	static
../Core/Src/main.c:213:6:SystemClock_Config	88	static
../Core/Src/main.c:262:6:Error_Handler	4	static,ignoring_inline_asm
