../Core/Src/codenic_lcd.c:14:13:LCD_EnablePulse	8	static
../Core/Src/codenic_lcd.c:21:13:LCD_Send4Bits	16	static
../Core/Src/codenic_lcd.c:28:13:LCD_SendCommand	16	static
../Core/Src/codenic_lcd.c:37:13:LCD_SendData	16	static
../Core/Src/codenic_lcd.c:46:6:LCD_Init	8	static
../Core/Src/codenic_lcd.c:60:6:LCD_Clear	8	static
../Core/Src/codenic_lcd.c:65:6:LCD_SetCursor	24	static
../Core/Src/codenic_lcd.c:70:6:LCD_Print	16	static
../Core/Src/codenic_lcd.c:76:6:LCD_PrintFloat	48	static
../Core/Src/codenic_lcd.c:82:6:LCD_PrintInt	32	static
